[0.013s] Invoking command in '/home/yf/ros2_ws/ros2/build/r2_decision_ros2': CMAKE_PREFIX_PATH=${CMAKE_PREFIX_PATH}:/opt/ros/humble /usr/bin/cmake --build /home/yf/ros2_ws/ros2/build/r2_decision_ros2 -- -j22 -l22
[0.039s] -- Found ament_cmake: 1.3.12 (/opt/ros/humble/share/ament_cmake/cmake)
[0.128s] -- Found rclcpp: 16.0.15 (/opt/ros/humble/share/rclcpp/cmake)
[0.152s] -- Found rosidl_generator_c: 3.1.7 (/opt/ros/humble/share/rosidl_generator_c/cmake)
[0.154s] -- Found rosidl_adapter: 3.1.7 (/opt/ros/humble/share/rosidl_adapter/cmake)
[0.157s] -- Found rosidl_generator_cpp: 3.1.7 (/opt/ros/humble/share/rosidl_generator_cpp/cmake)
[0.164s] -- Using all available rosidl_typesupport_c: rosidl_typesupport_fastrtps_c;rosidl_typesupport_introspection_c
[0.171s] -- Using all available rosidl_typesupport_cpp: rosidl_typesupport_fastrtps_cpp;rosidl_typesupport_introspection_cpp
[0.191s] -- Found rmw_implementation_cmake: 6.1.2 (/opt/ros/humble/share/rmw_implementation_cmake/cmake)
[0.192s] -- Found rmw_fastrtps_cpp: 6.2.9 (/opt/ros/humble/share/rmw_fastrtps_cpp/cmake)
[0.255s] -- Using RMW implementation 'rmw_fastrtps_cpp' as default
[0.333s] -- Configuring done
[0.343s] -- Generating done
[0.348s] -- Build files have been written to: /home/yf/ros2_ws/ros2/build/r2_decision_ros2
[0.366s] [35m[1mConsolidate compiler generated dependencies of target r2_decision_core_ros2[0m
[0.376s] [ 33%] Built target r2_decision_core_ros2
[0.383s] [35m[1mConsolidate compiler generated dependencies of target mission_state_node[0m
[0.383s] [35m[1mConsolidate compiler generated dependencies of target launch_manager_node[0m
[0.383s] [35m[1mConsolidate compiler generated dependencies of target safety_guard_node[0m
[0.396s] [ 55%] [32mBuilding CXX object CMakeFiles/mission_state_node.dir/src/mission_state_node.cpp.o[0m
[0.396s] [ 66%] Built target launch_manager_node
[0.397s] [ 88%] Built target safety_guard_node
[5.778s] [100%] [32m[1mLinking CXX executable mission_state_node[0m
[6.018s] [100%] Built target mission_state_node
[6.026s] Invoked command in '/home/yf/ros2_ws/ros2/build/r2_decision_ros2' returned '0': CMAKE_PREFIX_PATH=${CMAKE_PREFIX_PATH}:/opt/ros/humble /usr/bin/cmake --build /home/yf/ros2_ws/ros2/build/r2_decision_ros2 -- -j22 -l22
[6.032s] Invoking command in '/home/yf/ros2_ws/ros2/build/r2_decision_ros2': CMAKE_PREFIX_PATH=${CMAKE_PREFIX_PATH}:/opt/ros/humble /usr/bin/cmake --install /home/yf/ros2_ws/ros2/build/r2_decision_ros2
[6.038s] -- Install configuration: ""
[6.039s] -- Up-to-date: /home/yf/ros2_ws/ros2/install/r2_decision_ros2/lib/r2_decision_ros2/launch_manager_node
[6.039s] -- Installing: /home/yf/ros2_ws/ros2/install/r2_decision_ros2/lib/r2_decision_ros2/mission_state_node
[6.041s] -- Set runtime path of "/home/yf/ros2_ws/ros2/install/r2_decision_ros2/lib/r2_decision_ros2/mission_state_node" to ""
[6.041s] -- Up-to-date: /home/yf/ros2_ws/ros2/install/r2_decision_ros2/lib/r2_decision_ros2/safety_guard_node
[6.041s] -- Up-to-date: /home/yf/ros2_ws/ros2/install/r2_decision_ros2/share/r2_decision_ros2/launch
[6.041s] -- Up-to-date: /home/yf/ros2_ws/ros2/install/r2_decision_ros2/share/r2_decision_ros2/launch/r2_bringup.launch.py
[6.041s] -- Up-to-date: /home/yf/ros2_ws/ros2/install/r2_decision_ros2/share/r2_decision_ros2/config
[6.041s] -- Up-to-date: /home/yf/ros2_ws/ros2/install/r2_decision_ros2/share/r2_decision_ros2/config/params.yaml
[6.041s] -- Up-to-date: /home/yf/ros2_ws/ros2/install/r2_decision_ros2/share/ament_index/resource_index/package_run_dependencies/r2_decision_ros2
[6.041s] -- Installing: /home/yf/ros2_ws/ros2/install/r2_decision_ros2/share/ament_index/resource_index/parent_prefix_path/r2_decision_ros2
[6.041s] -- Up-to-date: /home/yf/ros2_ws/ros2/install/r2_decision_ros2/share/r2_decision_ros2/environment/ament_prefix_path.sh
[6.041s] -- Installing: /home/yf/ros2_ws/ros2/install/r2_decision_ros2/share/r2_decision_ros2/environment/ament_prefix_path.dsv
[6.041s] -- Up-to-date: /home/yf/ros2_ws/ros2/install/r2_decision_ros2/share/r2_decision_ros2/environment/path.sh
[6.041s] -- Installing: /home/yf/ros2_ws/ros2/install/r2_decision_ros2/share/r2_decision_ros2/environment/path.dsv
[6.042s] -- Up-to-date: /home/yf/ros2_ws/ros2/install/r2_decision_ros2/share/r2_decision_ros2/local_setup.bash
[6.042s] -- Up-to-date: /home/yf/ros2_ws/ros2/install/r2_decision_ros2/share/r2_decision_ros2/local_setup.sh
[6.042s] -- Up-to-date: /home/yf/ros2_ws/ros2/install/r2_decision_ros2/share/r2_decision_ros2/local_setup.zsh
[6.042s] -- Installing: /home/yf/ros2_ws/ros2/install/r2_decision_ros2/share/r2_decision_ros2/local_setup.dsv
[6.042s] -- Installing: /home/yf/ros2_ws/ros2/install/r2_decision_ros2/share/r2_decision_ros2/package.dsv
[6.042s] -- Up-to-date: /home/yf/ros2_ws/ros2/install/r2_decision_ros2/share/ament_index/resource_index/packages/r2_decision_ros2
[6.042s] -- Up-to-date: /home/yf/ros2_ws/ros2/install/r2_decision_ros2/share/r2_decision_ros2/cmake/r2_decision_ros2Config.cmake
[6.042s] -- Up-to-date: /home/yf/ros2_ws/ros2/install/r2_decision_ros2/share/r2_decision_ros2/cmake/r2_decision_ros2Config-version.cmake
[6.042s] -- Up-to-date: /home/yf/ros2_ws/ros2/install/r2_decision_ros2/share/r2_decision_ros2/package.xml
[6.043s] Invoked command in '/home/yf/ros2_ws/ros2/build/r2_decision_ros2' returned '0': CMAKE_PREFIX_PATH=${CMAKE_PREFIX_PATH}:/opt/ros/humble /usr/bin/cmake --install /home/yf/ros2_ws/ros2/build/r2_decision_ros2
