-- Found ament_cmake: 1.3.12 (/opt/ros/humble/share/ament_cmake/cmake)
-- Found rclcpp: 16.0.15 (/opt/ros/humble/share/rclcpp/cmake)
-- Found rosidl_generator_c: 3.1.7 (/opt/ros/humble/share/rosidl_generator_c/cmake)
-- Found rosidl_adapter: 3.1.7 (/opt/ros/humble/share/rosidl_adapter/cmake)
-- Found rosidl_generator_cpp: 3.1.7 (/opt/ros/humble/share/rosidl_generator_cpp/cmake)
-- Using all available rosidl_typesupport_c: rosidl_typesupport_fastrtps_c;rosidl_typesupport_introspection_c
-- Using all available rosidl_typesupport_cpp: rosidl_typesupport_fastrtps_cpp;rosidl_typesupport_introspection_cpp
-- Found rmw_implementation_cmake: 6.1.2 (/opt/ros/humble/share/rmw_implementation_cmake/cmake)
-- Found rmw_fastrtps_cpp: 6.2.9 (/opt/ros/humble/share/rmw_fastrtps_cpp/cmake)
-- Using RMW implementation 'rmw_fastrtps_cpp' as default
-- Configuring done
-- Generating done
-- Build files have been written to: /home/yf/ros2_ws/ros2/build/r2_decision_ros2
[ 11%] [32mBuilding CXX object CMakeFiles/r2_decision_core_ros2.dir/home/yf/ros2_ws/cpp/src/strategy.cpp.o[0m
[ 22%] [32mBuilding CXX object CMakeFiles/r2_decision_core_ros2.dir/home/yf/ros2_ws/cpp/src/state_machine.cpp.o[0m
[ 33%] [32m[1mLinking CXX static library libr2_decision_core_ros2.a[0m
[ 33%] Built target r2_decision_core_ros2
[ 44%] [32mBuilding CXX object CMakeFiles/safety_guard_node.dir/src/safety_guard_node.cpp.o[0m
[ 55%] [32mBuilding CXX object CMakeFiles/mission_state_node.dir/src/mission_state_node.cpp.o[0m
[ 66%] [32mBuilding CXX object CMakeFiles/launch_manager_node.dir/src/launch_manager_node.cpp.o[0m
[ 77%] [32m[1mLinking CXX executable safety_guard_node[0m
[ 88%] [32m[1mLinking CXX executable launch_manager_node[0m
[ 88%] Built target safety_guard_node
[ 88%] Built target launch_manager_node
[100%] [32m[1mLinking CXX executable mission_state_node[0m
[100%] Built target mission_state_node
-- Install configuration: ""
-- Installing: /home/yf/ros2_ws/ros2/install/r2_decision_ros2/lib/r2_decision_ros2/launch_manager_node
-- Set runtime path of "/home/yf/ros2_ws/ros2/install/r2_decision_ros2/lib/r2_decision_ros2/launch_manager_node" to ""
-- Installing: /home/yf/ros2_ws/ros2/install/r2_decision_ros2/lib/r2_decision_ros2/mission_state_node
-- Set runtime path of "/home/yf/ros2_ws/ros2/install/r2_decision_ros2/lib/r2_decision_ros2/mission_state_node" to ""
-- Installing: /home/yf/ros2_ws/ros2/install/r2_decision_ros2/lib/r2_decision_ros2/safety_guard_node
-- Set runtime path of "/home/yf/ros2_ws/ros2/install/r2_decision_ros2/lib/r2_decision_ros2/safety_guard_node" to ""
-- Installing: /home/yf/ros2_ws/ros2/install/r2_decision_ros2/share/r2_decision_ros2/launch
-- Installing: /home/yf/ros2_ws/ros2/install/r2_decision_ros2/share/r2_decision_ros2/launch/r2_bringup.launch.py
-- Installing: /home/yf/ros2_ws/ros2/install/r2_decision_ros2/share/r2_decision_ros2/config
-- Installing: /home/yf/ros2_ws/ros2/install/r2_decision_ros2/share/r2_decision_ros2/config/params.yaml
-- Installing: /home/yf/ros2_ws/ros2/install/r2_decision_ros2/share/ament_index/resource_index/package_run_dependencies/r2_decision_ros2
-- Installing: /home/yf/ros2_ws/ros2/install/r2_decision_ros2/share/ament_index/resource_index/parent_prefix_path/r2_decision_ros2
-- Installing: /home/yf/ros2_ws/ros2/install/r2_decision_ros2/share/r2_decision_ros2/environment/ament_prefix_path.sh
-- Installing: /home/yf/ros2_ws/ros2/install/r2_decision_ros2/share/r2_decision_ros2/environment/ament_prefix_path.dsv
-- Installing: /home/yf/ros2_ws/ros2/install/r2_decision_ros2/share/r2_decision_ros2/environment/path.sh
-- Installing: /home/yf/ros2_ws/ros2/install/r2_decision_ros2/share/r2_decision_ros2/environment/path.dsv
-- Installing: /home/yf/ros2_ws/ros2/install/r2_decision_ros2/share/r2_decision_ros2/local_setup.bash
-- Installing: /home/yf/ros2_ws/ros2/install/r2_decision_ros2/share/r2_decision_ros2/local_setup.sh
-- Installing: /home/yf/ros2_ws/ros2/install/r2_decision_ros2/share/r2_decision_ros2/local_setup.zsh
-- Installing: /home/yf/ros2_ws/ros2/install/r2_decision_ros2/share/r2_decision_ros2/local_setup.dsv
-- Installing: /home/yf/ros2_ws/ros2/install/r2_decision_ros2/share/r2_decision_ros2/package.dsv
-- Installing: /home/yf/ros2_ws/ros2/install/r2_decision_ros2/share/ament_index/resource_index/packages/r2_decision_ros2
-- Installing: /home/yf/ros2_ws/ros2/install/r2_decision_ros2/share/r2_decision_ros2/cmake/r2_decision_ros2Config.cmake
-- Installing: /home/yf/ros2_ws/ros2/install/r2_decision_ros2/share/r2_decision_ros2/cmake/r2_decision_ros2Config-version.cmake
-- Installing: /home/yf/ros2_ws/ros2/install/r2_decision_ros2/share/r2_decision_ros2/package.xml
