[0.011s] Invoking command in '/home/yf/ros2_ws/ros2/build/r2_decision_ros2': CMAKE_PREFIX_PATH=/opt/ros/humble /usr/bin/cmake /home/yf/ros2_ws/ros2/r2_decision_ros2 -DCMAKE_INSTALL_PREFIX=/home/yf/ros2_ws/ros2/install/r2_decision_ros2
[0.068s] -- The C compiler identification is GNU 11.4.0
[0.103s] -- The CXX compiler identification is GNU 11.4.0
[0.109s] -- Detecting C compiler ABI info
[0.162s] -- Detecting C compiler ABI info - done
[0.166s] -- Check for working C compiler: /usr/bin/cc - skipped
[0.166s] -- Detecting C compile features
[0.166s] -- Detecting C compile features - done
[0.168s] -- Detecting CXX compiler ABI info
[0.226s] -- Detecting CXX compiler ABI info - done
[0.232s] -- Check for working CXX compiler: /usr/bin/c++ - skipped
[0.232s] -- Detecting CXX compile features
[0.233s] -- Detecting CXX compile features - done
[0.236s] -- Found ament_cmake: 1.3.12 (/opt/ros/humble/share/ament_cmake/cmake)
[0.344s] -- Found Python3: /usr/bin/python3 (found version "3.10.12") found components: Interpreter 
[0.403s] -- Found rclcpp: 16.0.15 (/opt/ros/humble/share/rclcpp/cmake)
[0.440s] -- Found rosidl_generator_c: 3.1.7 (/opt/ros/humble/share/rosidl_generator_c/cmake)
[0.443s] -- Found rosidl_adapter: 3.1.7 (/opt/ros/humble/share/rosidl_adapter/cmake)
[0.450s] -- Found rosidl_generator_cpp: 3.1.7 (/opt/ros/humble/share/rosidl_generator_cpp/cmake)
[0.459s] -- Using all available rosidl_typesupport_c: rosidl_typesupport_fastrtps_c;rosidl_typesupport_introspection_c
[0.470s] -- Using all available rosidl_typesupport_cpp: rosidl_typesupport_fastrtps_cpp;rosidl_typesupport_introspection_cpp
[0.500s] -- Found rmw_implementation_cmake: 6.1.2 (/opt/ros/humble/share/rmw_implementation_cmake/cmake)
[0.501s] -- Found rmw_fastrtps_cpp: 6.2.9 (/opt/ros/humble/share/rmw_fastrtps_cpp/cmake)
[0.566s] -- Found OpenSSL: /usr/lib/x86_64-linux-gnu/libcrypto.so (found version "3.0.2")  
[0.580s] -- Found FastRTPS: /opt/ros/humble/include  
[0.608s] -- Using RMW implementation 'rmw_fastrtps_cpp' as default
[0.617s] -- Looking for pthread.h
[0.672s] -- Looking for pthread.h - found
[0.673s] -- Performing Test CMAKE_HAVE_LIBC_PTHREAD
[0.732s] -- Performing Test CMAKE_HAVE_LIBC_PTHREAD - Success
[0.733s] -- Found Threads: TRUE  
[0.773s] [31mCMake Error at /opt/ros/humble/share/ament_cmake_target_dependencies/cmake/ament_target_dependencies.cmake:145 (target_link_libraries):
[0.773s]   The keyword signature for target_link_libraries has already been used with
[0.773s]   the target "mission_state_node".  All uses of target_link_libraries with a
[0.773s]   target must be either all-keyword or all-plain.
[0.773s] 
[0.773s]   The uses of the keyword signature are here:
[0.773s] 
[0.773s]    * CMakeLists.txt:28 (target_link_libraries)
[0.773s] 
[0.773s] Call Stack (most recent call first):
[0.773s]   CMakeLists.txt:31 (ament_target_dependencies)
[0.773s] 
[0.773s] [0m
[0.773s] [31mCMake Error at CMakeLists.txt:34 (target_link_libraries):
[0.773s]   The plain signature for target_link_libraries has already been used with
[0.773s]   the target "launch_manager_node".  All uses of target_link_libraries with a
[0.773s]   target must be either all-keyword or all-plain.
[0.773s] 
[0.773s]   The uses of the plain signature are here:
[0.773s] 
[0.773s]    * /opt/ros/humble/share/ament_cmake_target_dependencies/cmake/ament_target_dependencies.cmake:145 (target_link_libraries)
[0.773s] 
[0.773s] 
[0.773s] [0m
[0.773s] [31mCMake Error at CMakeLists.txt:35 (target_link_libraries):
[0.773s]   The plain signature for target_link_libraries has already been used with
[0.773s]   the target "safety_guard_node".  All uses of target_link_libraries with a
[0.773s]   target must be either all-keyword or all-plain.
[0.773s] 
[0.774s]   The uses of the plain signature are here:
[0.774s] 
[0.774s]    * /opt/ros/humble/share/ament_cmake_target_dependencies/cmake/ament_target_dependencies.cmake:145 (target_link_libraries)
[0.774s] 
[0.774s] 
[0.774s] [0m
[0.811s] -- Configuring incomplete, errors occurred!
[0.811s] See also "/home/yf/ros2_ws/ros2/build/r2_decision_ros2/CMakeFiles/CMakeOutput.log".
[0.817s] Invoked command in '/home/yf/ros2_ws/ros2/build/r2_decision_ros2' returned '1': CMAKE_PREFIX_PATH=/opt/ros/humble /usr/bin/cmake /home/yf/ros2_ws/ros2/r2_decision_ros2 -DCMAKE_INSTALL_PREFIX=/home/yf/ros2_ws/ros2/install/r2_decision_ros2
