-- Found ament_cmake: 1.3.12 (/opt/ros/humble/share/ament_cmake/cmake)
-- Found rclcpp: 16.0.15 (/opt/ros/humble/share/rclcpp/cmake)
-- Found rosidl_generator_c: 3.1.7 (/opt/ros/humble/share/rosidl_generator_c/cmake)
-- Found rosidl_adapter: 3.1.7 (/opt/ros/humble/share/rosidl_adapter/cmake)
-- Found rosidl_generator_cpp: 3.1.7 (/opt/ros/humble/share/rosidl_generator_cpp/cmake)
-- Using all available rosidl_typesupport_c: rosidl_typesupport_fastrtps_c;rosidl_typesupport_introspection_c
-- Using all available rosidl_typesupport_cpp: rosidl_typesupport_fastrtps_cpp;rosidl_typesupport_introspection_cpp
-- Found rmw_implementation_cmake: 6.1.2 (/opt/ros/humble/share/rmw_implementation_cmake/cmake)
-- Found rmw_fastrtps_cpp: 6.2.9 (/opt/ros/humble/share/rmw_fastrtps_cpp/cmake)
-- Using RMW implementation 'rmw_fastrtps_cpp' as default
-- Configuring done
-- Generating done
-- Build files have been written to: /home/yf/ros2_ws/ros2/build/r2_decision_ros2
[35m[1mConsolidate compiler generated dependencies of target r2_decision_core_ros2[0m
[ 33%] Built target r2_decision_core_ros2
[35m[1mConsolidate compiler generated dependencies of target safety_guard_node[0m
[35m[1mConsolidate compiler generated dependencies of target launch_manager_node[0m
[35m[1mConsolidate compiler generated dependencies of target mission_state_node[0m
[ 44%] [32m[1mLinking CXX executable mission_state_node[0m
[ 66%] Built target launch_manager_node
[ 88%] Built target safety_guard_node
