[0.011s] Invoking command in '/home/yf/ros2_ws/ros2/build/r2_decision_ros2': CMAKE_PREFIX_PATH=/opt/ros/humble /usr/bin/cmake --build /home/yf/ros2_ws/ros2/build/r2_decision_ros2 -- -j22 -l22
[0.037s] -- Found ament_cmake: 1.3.12 (/opt/ros/humble/share/ament_cmake/cmake)
[0.118s] -- Found rclcpp: 16.0.15 (/opt/ros/humble/share/rclcpp/cmake)
[0.140s] -- Found rosidl_generator_c: 3.1.7 (/opt/ros/humble/share/rosidl_generator_c/cmake)
[0.142s] -- Found rosidl_adapter: 3.1.7 (/opt/ros/humble/share/rosidl_adapter/cmake)
[0.147s] -- Found rosidl_generator_cpp: 3.1.7 (/opt/ros/humble/share/rosidl_generator_cpp/cmake)
[0.154s] -- Using all available rosidl_typesupport_c: rosidl_typesupport_fastrtps_c;rosidl_typesupport_introspection_c
[0.163s] -- Using all available rosidl_typesupport_cpp: rosidl_typesupport_fastrtps_cpp;rosidl_typesupport_introspection_cpp
[0.188s] -- Found rmw_implementation_cmake: 6.1.2 (/opt/ros/humble/share/rmw_implementation_cmake/cmake)
[0.189s] -- Found rmw_fastrtps_cpp: 6.2.9 (/opt/ros/humble/share/rmw_fastrtps_cpp/cmake)
[0.253s] -- Using RMW implementation 'rmw_fastrtps_cpp' as default
[0.330s] -- Configuring done
[0.339s] -- Generating done
[0.342s] -- Build files have been written to: /home/yf/ros2_ws/ros2/build/r2_decision_ros2
[0.365s] [35m[1mConsolidate compiler generated dependencies of target r2_decision_core_ros2[0m
[0.373s] [ 33%] Built target r2_decision_core_ros2
[0.380s] [35m[1mConsolidate compiler generated dependencies of target safety_guard_node[0m
[0.381s] [35m[1mConsolidate compiler generated dependencies of target launch_manager_node[0m
[0.382s] [35m[1mConsolidate compiler generated dependencies of target mission_state_node[0m
[0.396s] [ 44%] [32m[1mLinking CXX executable mission_state_node[0m
[0.396s] [ 66%] Built target launch_manager_node
[0.396s] [ 88%] Built target safety_guard_node
[0.629s] /usr/bin/ld: libr2_decision_core_ros2.a(state_machine.cpp.o): in function `r2::R2DecisionStateMachine::check_startup_sensors(r2::RobotContext&)':
[0.629s] state_machine.cpp:(.text+0x92e): undefined reference to `r2::HardwareManager::get_laser(std::__cxx11::basic_string<char, std::char_traits<char>, std::allocator<char> > const&) const'
[0.630s] /usr/bin/ld: state_machine.cpp:(.text+0xb80): undefined reference to `r2::HardwareManager::get_mono_camera(std::__cxx11::basic_string<char, std::char_traits<char>, std::allocator<char> > const&) const'
[0.630s] /usr/bin/ld: state_machine.cpp:(.text+0xd14): undefined reference to `r2::HardwareManager::get_chassis(std::__cxx11::basic_string<char, std::char_traits<char>, std::allocator<char> > const&) const'
[0.630s] /usr/bin/ld: state_machine.cpp:(.text+0xe8a): undefined reference to `r2::HardwareManager::get_arm(std::__cxx11::basic_string<char, std::char_traits<char>, std::allocator<char> > const&) const'
[0.630s] /usr/bin/ld: libr2_decision_core_ros2.a(state_machine.cpp.o): in function `r2::R2DecisionStateMachine::perform_launch_calibration(r2::RobotContext&)':
[0.630s] state_machine.cpp:(.text+0x14b1): undefined reference to `r2::HardwareManager::get_chassis(std::__cxx11::basic_string<char, std::char_traits<char>, std::allocator<char> > const&) const'
[0.630s] /usr/bin/ld: state_machine.cpp:(.text+0x16d6): undefined reference to `r2::HardwareManager::get_arm(std::__cxx11::basic_string<char, std::char_traits<char>, std::allocator<char> > const&) const'
[0.631s] /usr/bin/ld: libr2_decision_core_ros2.a(state_machine.cpp.o): in function `r2::R2DecisionStateMachine::rotate_to_find_weapon_head(r2::RobotContext&)':
[0.631s] state_machine.cpp:(.text+0x23c2): undefined reference to `r2::HardwareManager::get_laser(std::__cxx11::basic_string<char, std::char_traits<char>, std::allocator<char> > const&) const'
[0.631s] /usr/bin/ld: state_machine.cpp:(.text+0x2435): undefined reference to `r2::HardwareManager::get_chassis(std::__cxx11::basic_string<char, std::char_traits<char>, std::allocator<char> > const&) const'
[0.631s] /usr/bin/ld: libr2_decision_core_ros2.a(state_machine.cpp.o): in function `r2::R2DecisionStateMachine::move_to_weapon_rack(r2::RobotContext&)':
[0.631s] state_machine.cpp:(.text+0x2be6): undefined reference to `r2::HardwareManager::get_chassis(std::__cxx11::basic_string<char, std::char_traits<char>, std::allocator<char> > const&) const'
[0.631s] /usr/bin/ld: libr2_decision_core_ros2.a(state_machine.cpp.o): in function `r2::R2DecisionStateMachine::grab_weapon_head_with_timeout(r2::RobotContext&) const':
[0.631s] state_machine.cpp:(.text+0x2fbe): undefined reference to `r2::HardwareManager::get_arm(std::__cxx11::basic_string<char, std::char_traits<char>, std::allocator<char> > const&) const'
[0.632s] /usr/bin/ld: libr2_decision_core_ros2.a(state_machine.cpp.o): in function `r2::R2DecisionStateMachine::assemble_with_qr(r2::RobotContext&) const':
[0.632s] state_machine.cpp:(.text+0x35ea): undefined reference to `r2::HardwareManager::get_qr_scanner(std::__cxx11::basic_string<char, std::char_traits<char>, std::allocator<char> > const&) const'
[0.632s] /usr/bin/ld: libr2_decision_core_ros2.a(state_machine.cpp.o): in function `r2::R2DecisionStateMachine::plan_meilin_path(r2::RobotContext&)':
[0.632s] state_machine.cpp:(.text+0x4a25): undefined reference to `r2_decision::MeiHuaGrid::randomize_kfs()'
[0.632s] /usr/bin/ld: state_machine.cpp:(.text+0x4b51): undefined reference to `r2_decision::MeiHuaGrid::get_block(int, int) const'
[0.632s] /usr/bin/ld: state_machine.cpp:(.text+0x4dd3): undefined reference to `r2_decision::PathPlanner::plan_path(r2_decision::GridPos const&)'
[0.632s] /usr/bin/ld: state_machine.cpp:(.text+0x5175): undefined reference to `r2_decision::MeiHuaGrid::get_r2_positions() const'
[0.632s] /usr/bin/ld: libr2_decision_core_ros2.a(state_machine.cpp.o): in function `r2::R2DecisionStateMachine::execute_meilin_path(r2::RobotContext&)':
[0.632s] state_machine.cpp:(.text+0x5df4): undefined reference to `r2::HardwareManager::get_chassis(std::__cxx11::basic_string<char, std::char_traits<char>, std::allocator<char> > const&) const'
[0.633s] /usr/bin/ld: state_machine.cpp:(.text+0x5f75): undefined reference to `r2_decision::MeiHuaGrid::get_r2_positions() const'
[0.633s] /usr/bin/ld: state_machine.cpp:(.text+0x6268): undefined reference to `r2::HardwareManager::get_arm(std::__cxx11::basic_string<char, std::char_traits<char>, std::allocator<char> > const&) const'
[0.633s] /usr/bin/ld: state_machine.cpp:(.text+0x662d): undefined reference to `r2_decision::MeiHuaGrid::set_block(int, int, r2_decision::BlockType)'
[0.633s] /usr/bin/ld: libr2_decision_core_ros2.a(state_machine.cpp.o): in function `r2::R2DecisionStateMachine::navigate_to_kfs_zone(r2::RobotContext&)':
[0.633s] state_machine.cpp:(.text+0x6d52): undefined reference to `r2::HardwareManager::get_chassis(std::__cxx11::basic_string<char, std::char_traits<char>, std::allocator<char> > const&) const'
[0.633s] /usr/bin/ld: libr2_decision_core_ros2.a(state_machine.cpp.o): in function `r2::R2DecisionStateMachine::scan_and_approach_kfs(r2::RobotContext&)':
[0.633s] state_machine.cpp:(.text+0x7128): undefined reference to `r2::HardwareManager::get_stereo_camera(std::__cxx11::basic_string<char, std::char_traits<char>, std::allocator<char> > const&) const'
[0.633s] /usr/bin/ld: libr2_decision_core_ros2.a(state_machine.cpp.o): in function `r2::R2DecisionStateMachine::collect_kfs_in_mf(r2::RobotContext&) const':
[0.633s] state_machine.cpp:(.text+0x781c): undefined reference to `r2::HardwareManager::get_arm(std::__cxx11::basic_string<char, std::char_traits<char>, std::allocator<char> > const&) const'
[0.633s] /usr/bin/ld: libr2_decision_core_ros2.a(state_machine.cpp.o): in function `r2::R2DecisionStateMachine::enter_conflict_zone(r2::RobotContext&)':
[0.633s] state_machine.cpp:(.text+0x8194): undefined reference to `r2::HardwareManager::get_chassis(std::__cxx11::basic_string<char, std::char_traits<char>, std::allocator<char> > const&) const'
[0.633s] /usr/bin/ld: libr2_decision_core_ros2.a(state_machine.cpp.o): in function `r2::R2DecisionStateMachine::place_kfs_strategy(r2::RobotContext&)':
[0.633s] state_machine.cpp:(.text+0x868e): undefined reference to `r2::HardwareManager::get_arm(std::__cxx11::basic_string<char, std::char_traits<char>, std::allocator<char> > const&) const'
[0.633s] /usr/bin/ld: libr2_decision_core_ros2.a(state_machine.cpp.o): in function `r2::R2DecisionStateMachine::check_collision_safety(r2::RobotContext&)':
[0.633s] state_machine.cpp:(.text+0x92d1): undefined reference to `r2::HardwareManager::get_laser(std::__cxx11::basic_string<char, std::char_traits<char>, std::allocator<char> > const&) const'
[0.633s] /usr/bin/ld: libr2_decision_core_ros2.a(state_machine.cpp.o): in function `r2::R2DecisionStateMachine::log_sensor_status(r2::RobotContext&)':
[0.634s] state_machine.cpp:(.text+0x95e3): undefined reference to `r2::HardwareManager::get_laser(std::__cxx11::basic_string<char, std::char_traits<char>, std::allocator<char> > const&) const'
[0.634s] /usr/bin/ld: state_machine.cpp:(.text+0x96a8): undefined reference to `r2::HardwareManager::get_mono_camera(std::__cxx11::basic_string<char, std::char_traits<char>, std::allocator<char> > const&) const'
[0.634s] /usr/bin/ld: state_machine.cpp:(.text+0x976a): undefined reference to `r2::HardwareManager::get_chassis(std::__cxx11::basic_string<char, std::char_traits<char>, std::allocator<char> > const&) const'
[0.634s] /usr/bin/ld: state_machine.cpp:(.text+0x982c): undefined reference to `r2::HardwareManager::get_arm(std::__cxx11::basic_string<char, std::char_traits<char>, std::allocator<char> > const&) const'
[0.634s] /usr/bin/ld: libr2_decision_core_ros2.a(state_machine.cpp.o): in function `std::_MakeUniq<r2_decision::MeiHuaGrid>::__single_object std::make_unique<r2_decision::MeiHuaGrid>()':
[0.634s] state_machine.cpp:(.text._ZSt11make_uniqueIN11r2_decision10MeiHuaGridEJEENSt9_MakeUniqIT_E15__single_objectEDpOT0_[_ZSt11make_uniqueIN11r2_decision10MeiHuaGridEJEENSt9_MakeUniqIT_E15__single_objectEDpOT0_]+0x26): undefined reference to `r2_decision::MeiHuaGrid::MeiHuaGrid()'
[0.634s] /usr/bin/ld: libr2_decision_core_ros2.a(state_machine.cpp.o): in function `std::_MakeUniq<r2_decision::PathPlanner>::__single_object std::make_unique<r2_decision::PathPlanner, r2_decision::MeiHuaGrid&>(r2_decision::MeiHuaGrid&)':
[0.634s] state_machine.cpp:(.text._ZSt11make_uniqueIN11r2_decision11PathPlannerEJRNS0_10MeiHuaGridEEENSt9_MakeUniqIT_E15__single_objectEDpOT0_[_ZSt11make_uniqueIN11r2_decision11PathPlannerEJRNS0_10MeiHuaGridEEENSt9_MakeUniqIT_E15__single_objectEDpOT0_]+0x39): undefined reference to `r2_decision::PathPlanner::PathPlanner(r2_decision::MeiHuaGrid const&)'
[0.643s] collect2: error: ld returned 1 exit status
[0.645s] gmake[2]: *** [CMakeFiles/mission_state_node.dir/build.make:160：mission_state_node] 错误 1
[0.645s] gmake[1]: *** [CMakeFiles/Makefile2:195：CMakeFiles/mission_state_node.dir/all] 错误 2
[0.646s] gmake: *** [Makefile:146：all] 错误 2
[0.649s] Invoked command in '/home/yf/ros2_ws/ros2/build/r2_decision_ros2' returned '2': CMAKE_PREFIX_PATH=/opt/ros/humble /usr/bin/cmake --build /home/yf/ros2_ws/ros2/build/r2_decision_ros2 -- -j22 -l22
