[0.010s] Invoking command in '/home/yf/ros2_ws/ros2/build/r2_decision_ros2': CMAKE_PREFIX_PATH=/opt/ros/humble /usr/bin/cmake /home/yf/ros2_ws/ros2/r2_decision_ros2 -DCMAKE_INSTALL_PREFIX=/home/yf/ros2_ws/ros2/install/r2_decision_ros2
[0.019s] -- Found ament_cmake: 1.3.12 (/opt/ros/humble/share/ament_cmake/cmake)
[0.100s] -- Found rclcpp: 16.0.15 (/opt/ros/humble/share/rclcpp/cmake)
[0.120s] -- Found rosidl_generator_c: 3.1.7 (/opt/ros/humble/share/rosidl_generator_c/cmake)
[0.121s] -- Found rosidl_adapter: 3.1.7 (/opt/ros/humble/share/rosidl_adapter/cmake)
[0.125s] -- Found rosidl_generator_cpp: 3.1.7 (/opt/ros/humble/share/rosidl_generator_cpp/cmake)
[0.130s] -- Using all available rosidl_typesupport_c: rosidl_typesupport_fastrtps_c;rosidl_typesupport_introspection_c
[0.137s] -- Using all available rosidl_typesupport_cpp: rosidl_typesupport_fastrtps_cpp;rosidl_typesupport_introspection_cpp
[0.155s] -- Found rmw_implementation_cmake: 6.1.2 (/opt/ros/humble/share/rmw_implementation_cmake/cmake)
[0.156s] -- Found rmw_fastrtps_cpp: 6.2.9 (/opt/ros/humble/share/rmw_fastrtps_cpp/cmake)
[0.225s] -- Using RMW implementation 'rmw_fastrtps_cpp' as default
[0.256s] [31mCMake Error at /opt/ros/humble/share/ament_cmake_target_dependencies/cmake/ament_target_dependencies.cmake:145 (target_link_libraries):
[0.257s]   The keyword signature for target_link_libraries has already been used with
[0.257s]   the target "mission_state_node".  All uses of target_link_libraries with a
[0.257s]   target must be either all-keyword or all-plain.
[0.257s] 
[0.257s]   The uses of the keyword signature are here:
[0.257s] 
[0.257s]    * CMakeLists.txt:28 (target_link_libraries)
[0.257s] 
[0.257s] Call Stack (most recent call first):
[0.257s]   CMakeLists.txt:31 (ament_target_dependencies)
[0.257s] 
[0.257s] [0m
[0.257s] [31mCMake Error at CMakeLists.txt:34 (target_link_libraries):
[0.257s]   The plain signature for target_link_libraries has already been used with
[0.257s]   the target "launch_manager_node".  All uses of target_link_libraries with a
[0.257s]   target must be either all-keyword or all-plain.
[0.257s] 
[0.257s]   The uses of the plain signature are here:
[0.257s] 
[0.257s]    * /opt/ros/humble/share/ament_cmake_target_dependencies/cmake/ament_target_dependencies.cmake:145 (target_link_libraries)
[0.257s] 
[0.257s] 
[0.257s] [0m
[0.257s] [31mCMake Error at CMakeLists.txt:35 (target_link_libraries):
[0.257s]   The plain signature for target_link_libraries has already been used with
[0.258s]   the target "safety_guard_node".  All uses of target_link_libraries with a
[0.258s]   target must be either all-keyword or all-plain.
[0.258s] 
[0.258s]   The uses of the plain signature are here:
[0.258s] 
[0.258s]    * /opt/ros/humble/share/ament_cmake_target_dependencies/cmake/ament_target_dependencies.cmake:145 (target_link_libraries)
[0.258s] 
[0.258s] 
[0.258s] [0m
[0.296s] -- Configuring incomplete, errors occurred!
[0.296s] See also "/home/yf/ros2_ws/ros2/build/r2_decision_ros2/CMakeFiles/CMakeOutput.log".
[0.302s] Invoked command in '/home/yf/ros2_ws/ros2/build/r2_decision_ros2' returned '1': CMAKE_PREFIX_PATH=/opt/ros/humble /usr/bin/cmake /home/yf/ros2_ws/ros2/r2_decision_ros2 -DCMAKE_INSTALL_PREFIX=/home/yf/ros2_ws/ros2/install/r2_decision_ros2
