-- Found ament_cmake: 1.3.12 (/opt/ros/humble/share/ament_cmake/cmake)
-- Found rclcpp: 16.0.15 (/opt/ros/humble/share/rclcpp/cmake)
-- Found rosidl_generator_c: 3.1.7 (/opt/ros/humble/share/rosidl_generator_c/cmake)
-- Found rosidl_adapter: 3.1.7 (/opt/ros/humble/share/rosidl_adapter/cmake)
-- Found rosidl_generator_cpp: 3.1.7 (/opt/ros/humble/share/rosidl_generator_cpp/cmake)
-- Using all available rosidl_typesupport_c: rosidl_typesupport_fastrtps_c;rosidl_typesupport_introspection_c
-- Using all available rosidl_typesupport_cpp: rosidl_typesupport_fastrtps_cpp;rosidl_typesupport_introspection_cpp
-- Found rmw_implementation_cmake: 6.1.2 (/opt/ros/humble/share/rmw_implementation_cmake/cmake)
-- Found rmw_fastrtps_cpp: 6.2.9 (/opt/ros/humble/share/rmw_fastrtps_cpp/cmake)
-- Using RMW implementation 'rmw_fastrtps_cpp' as default
-- Configuring done
-- Generating done
-- Build files have been written to: /home/yf/ros2_ws/ros2/build/r2_decision_ros2
[35m[1mConsolidate compiler generated dependencies of target r2_decision_core_ros2[0m
[  9%] [32mBuilding CXX object CMakeFiles/r2_decision_core_ros2.dir/home/yf/ros2_ws/cpp/src/path_planner.cpp.o[0m
[ 18%] [32mBuilding CXX object CMakeFiles/r2_decision_core_ros2.dir/home/yf/ros2_ws/cpp/src/hardware_manager.cpp.o[0m
[01m[K/home/yf/ros2_ws/cpp/src/path_planner.cpp:[m[K In member function ‘[01m[Kbool r2_decision::MeiHuaGrid::is_forbidden_for_fake(int, int) const[m[K’:
[01m[K/home/yf/ros2_ws/cpp/src/path_planner.cpp:44:53:[m[K [01;35m[Kwarning: [m[Kunused parameter ‘[01m[Kcol[m[K’ [[01;35m[K]8;;https://gcc.gnu.org/onlinedocs/gcc/Warning-Options.html#index-Wunused-parameter-Wunused-parameter]8;;[m[K]
   44 | bool MeiHuaGrid::is_forbidden_for_fake(int row, [01;35m[Kint col[m[K) const {
      |                                                 [01;35m[K~~~~^~~[m[K
[01m[K/home/yf/ros2_ws/cpp/src/path_planner.cpp:[m[K In member function ‘[01m[Kr2_decision::PathPlanResult r2_decision::PathPlanner::plan_path(const r2_decision::GridPos&)[m[K’:
[01m[K/home/yf/ros2_ws/cpp/src/path_planner.cpp:243:17:[m[K [01;35m[Kwarning: [m[Kvariable ‘[01m[Kprev_move[m[K’ set but not used [[01;35m[K]8;;https://gcc.gnu.org/onlinedocs/gcc/Warning-Options.html#index-Wunused-but-set-variable-Wunused-but-set-variable]8;;[m[K]
  243 |     static char [01;35m[Kprev_move[m[K[5][4][1 << 16];
      |                 [01;35m[K^~~~~~~~~[m[K
[ 27%] [32m[1mLinking CXX static library libr2_decision_core_ros2.a[0m
[ 45%] Built target r2_decision_core_ros2
[35m[1mConsolidate compiler generated dependencies of target launch_manager_node[0m
[35m[1mConsolidate compiler generated dependencies of target mission_state_node[0m
[35m[1mConsolidate compiler generated dependencies of target safety_guard_node[0m
[ 54%] [32m[1mLinking CXX executable launch_manager_node[0m
[ 63%] [32m[1mLinking CXX executable mission_state_node[0m
[ 72%] [32m[1mLinking CXX executable safety_guard_node[0m
[ 81%] Built target launch_manager_node
[ 90%] Built target safety_guard_node
[100%] Built target mission_state_node
-- Install configuration: ""
-- Installing: /home/yf/ros2_ws/ros2/install/r2_decision_ros2/lib/r2_decision_ros2/launch_manager_node
-- Set runtime path of "/home/yf/ros2_ws/ros2/install/r2_decision_ros2/lib/r2_decision_ros2/launch_manager_node" to ""
-- Installing: /home/yf/ros2_ws/ros2/install/r2_decision_ros2/lib/r2_decision_ros2/mission_state_node
-- Set runtime path of "/home/yf/ros2_ws/ros2/install/r2_decision_ros2/lib/r2_decision_ros2/mission_state_node" to ""
-- Installing: /home/yf/ros2_ws/ros2/install/r2_decision_ros2/lib/r2_decision_ros2/safety_guard_node
-- Set runtime path of "/home/yf/ros2_ws/ros2/install/r2_decision_ros2/lib/r2_decision_ros2/safety_guard_node" to ""
-- Up-to-date: /home/yf/ros2_ws/ros2/install/r2_decision_ros2/share/r2_decision_ros2/launch
-- Installing: /home/yf/ros2_ws/ros2/install/r2_decision_ros2/share/r2_decision_ros2/launch/r2_real_hardware.launch.py
-- Installing: /home/yf/ros2_ws/ros2/install/r2_decision_ros2/share/r2_decision_ros2/launch/r2_bringup.launch.py
-- Installing: /home/yf/ros2_ws/ros2/install/r2_decision_ros2/share/r2_decision_ros2/launch/r2_test_path_planning.launch.py
-- Installing: /home/yf/ros2_ws/ros2/install/r2_decision_ros2/share/r2_decision_ros2/launch/r2_return_mf.launch.py
-- Installing: /home/yf/ros2_ws/ros2/install/r2_decision_ros2/share/r2_decision_ros2/launch/r2_cold_start.launch.py
-- Installing: /home/yf/ros2_ws/ros2/install/r2_decision_ros2/share/r2_decision_ros2/launch/r2_return_mc.launch.py
-- Up-to-date: /home/yf/ros2_ws/ros2/install/r2_decision_ros2/share/r2_decision_ros2/config
-- Up-to-date: /home/yf/ros2_ws/ros2/install/r2_decision_ros2/share/r2_decision_ros2/config/params.yaml
-- Up-to-date: /home/yf/ros2_ws/ros2/install/r2_decision_ros2/share/ament_index/resource_index/package_run_dependencies/r2_decision_ros2
-- Installing: /home/yf/ros2_ws/ros2/install/r2_decision_ros2/share/ament_index/resource_index/parent_prefix_path/r2_decision_ros2
-- Up-to-date: /home/yf/ros2_ws/ros2/install/r2_decision_ros2/share/r2_decision_ros2/environment/ament_prefix_path.sh
-- Installing: /home/yf/ros2_ws/ros2/install/r2_decision_ros2/share/r2_decision_ros2/environment/ament_prefix_path.dsv
-- Up-to-date: /home/yf/ros2_ws/ros2/install/r2_decision_ros2/share/r2_decision_ros2/environment/path.sh
-- Installing: /home/yf/ros2_ws/ros2/install/r2_decision_ros2/share/r2_decision_ros2/environment/path.dsv
-- Up-to-date: /home/yf/ros2_ws/ros2/install/r2_decision_ros2/share/r2_decision_ros2/local_setup.bash
-- Up-to-date: /home/yf/ros2_ws/ros2/install/r2_decision_ros2/share/r2_decision_ros2/local_setup.sh
-- Up-to-date: /home/yf/ros2_ws/ros2/install/r2_decision_ros2/share/r2_decision_ros2/local_setup.zsh
-- Installing: /home/yf/ros2_ws/ros2/install/r2_decision_ros2/share/r2_decision_ros2/local_setup.dsv
-- Installing: /home/yf/ros2_ws/ros2/install/r2_decision_ros2/share/r2_decision_ros2/package.dsv
-- Up-to-date: /home/yf/ros2_ws/ros2/install/r2_decision_ros2/share/ament_index/resource_index/packages/r2_decision_ros2
-- Up-to-date: /home/yf/ros2_ws/ros2/install/r2_decision_ros2/share/r2_decision_ros2/cmake/r2_decision_ros2Config.cmake
-- Up-to-date: /home/yf/ros2_ws/ros2/install/r2_decision_ros2/share/r2_decision_ros2/cmake/r2_decision_ros2Config-version.cmake
-- Up-to-date: /home/yf/ros2_ws/ros2/install/r2_decision_ros2/share/r2_decision_ros2/package.xml
