[0.010s] Invoking command in '/home/yf/ros2_ws/ros2/build/r2_decision_ros2': CMAKE_PREFIX_PATH=/opt/ros/humble /usr/bin/cmake --build /home/yf/ros2_ws/ros2/build/r2_decision_ros2 -- -j22 -l22
[0.027s] -- Found ament_cmake: 1.3.12 (/opt/ros/humble/share/ament_cmake/cmake)
[0.104s] -- Found rclcpp: 16.0.15 (/opt/ros/humble/share/rclcpp/cmake)
[0.118s] -- Found rosidl_generator_c: 3.1.7 (/opt/ros/humble/share/rosidl_generator_c/cmake)
[0.119s] -- Found rosidl_adapter: 3.1.7 (/opt/ros/humble/share/rosidl_adapter/cmake)
[0.122s] -- Found rosidl_generator_cpp: 3.1.7 (/opt/ros/humble/share/rosidl_generator_cpp/cmake)
[0.126s] -- Using all available rosidl_typesupport_c: rosidl_typesupport_fastrtps_c;rosidl_typesupport_introspection_c
[0.133s] -- Using all available rosidl_typesupport_cpp: rosidl_typesupport_fastrtps_cpp;rosidl_typesupport_introspection_cpp
[0.149s] -- Found rmw_implementation_cmake: 6.1.2 (/opt/ros/humble/share/rmw_implementation_cmake/cmake)
[0.150s] -- Found rmw_fastrtps_cpp: 6.2.9 (/opt/ros/humble/share/rmw_fastrtps_cpp/cmake)
[0.205s] -- Using RMW implementation 'rmw_fastrtps_cpp' as default
[0.267s] -- Configuring done
[0.275s] -- Generating done
[0.278s] -- Build files have been written to: /home/yf/ros2_ws/ros2/build/r2_decision_ros2
[0.299s] [35m[1mConsolidate compiler generated dependencies of target r2_decision_core_ros2[0m
[0.310s] [  9%] [32mBuilding CXX object CMakeFiles/r2_decision_core_ros2.dir/home/yf/ros2_ws/cpp/src/path_planner.cpp.o[0m
[0.311s] [ 18%] [32mBuilding CXX object CMakeFiles/r2_decision_core_ros2.dir/home/yf/ros2_ws/cpp/src/hardware_manager.cpp.o[0m
[0.548s] [01m[K/home/yf/ros2_ws/cpp/src/path_planner.cpp:[m[K In member function ‘[01m[Kbool r2_decision::MeiHuaGrid::is_forbidden_for_fake(int, int) const[m[K’:
[0.548s] [01m[K/home/yf/ros2_ws/cpp/src/path_planner.cpp:44:53:[m[K [01;35m[Kwarning: [m[Kunused parameter ‘[01m[Kcol[m[K’ [[01;35m[K]8;;https://gcc.gnu.org/onlinedocs/gcc/Warning-Options.html#index-Wunused-parameter-Wunused-parameter]8;;[m[K]
[0.549s]    44 | bool MeiHuaGrid::is_forbidden_for_fake(int row, [01;35m[Kint col[m[K) const {
[0.549s]       |                                                 [01;35m[K~~~~^~~[m[K
[0.567s] [01m[K/home/yf/ros2_ws/cpp/src/path_planner.cpp:[m[K In member function ‘[01m[Kr2_decision::PathPlanResult r2_decision::PathPlanner::plan_path(const r2_decision::GridPos&)[m[K’:
[0.567s] [01m[K/home/yf/ros2_ws/cpp/src/path_planner.cpp:243:17:[m[K [01;35m[Kwarning: [m[Kvariable ‘[01m[Kprev_move[m[K’ set but not used [[01;35m[K]8;;https://gcc.gnu.org/onlinedocs/gcc/Warning-Options.html#index-Wunused-but-set-variable-Wunused-but-set-variable]8;;[m[K]
[0.568s]   243 |     static char [01;35m[Kprev_move[m[K[5][4][1 << 16];
[0.568s]       |                 [01;35m[K^~~~~~~~~[m[K
[0.839s] [ 27%] [32m[1mLinking CXX static library libr2_decision_core_ros2.a[0m
[0.875s] [ 45%] Built target r2_decision_core_ros2
[0.883s] [35m[1mConsolidate compiler generated dependencies of target launch_manager_node[0m
[0.884s] [35m[1mConsolidate compiler generated dependencies of target mission_state_node[0m
[0.886s] [35m[1mConsolidate compiler generated dependencies of target safety_guard_node[0m
[0.894s] [ 54%] [32m[1mLinking CXX executable launch_manager_node[0m
[0.895s] [ 63%] [32m[1mLinking CXX executable mission_state_node[0m
[0.897s] [ 72%] [32m[1mLinking CXX executable safety_guard_node[0m
[1.015s] [ 81%] Built target launch_manager_node
[1.024s] [ 90%] Built target safety_guard_node
[1.154s] [100%] Built target mission_state_node
[1.164s] Invoked command in '/home/yf/ros2_ws/ros2/build/r2_decision_ros2' returned '0': CMAKE_PREFIX_PATH=/opt/ros/humble /usr/bin/cmake --build /home/yf/ros2_ws/ros2/build/r2_decision_ros2 -- -j22 -l22
[1.172s] Invoking command in '/home/yf/ros2_ws/ros2/build/r2_decision_ros2': CMAKE_PREFIX_PATH=/opt/ros/humble /usr/bin/cmake --install /home/yf/ros2_ws/ros2/build/r2_decision_ros2
[1.178s] -- Install configuration: ""
[1.178s] -- Installing: /home/yf/ros2_ws/ros2/install/r2_decision_ros2/lib/r2_decision_ros2/launch_manager_node
[1.179s] -- Set runtime path of "/home/yf/ros2_ws/ros2/install/r2_decision_ros2/lib/r2_decision_ros2/launch_manager_node" to ""
[1.179s] -- Installing: /home/yf/ros2_ws/ros2/install/r2_decision_ros2/lib/r2_decision_ros2/mission_state_node
[1.182s] -- Set runtime path of "/home/yf/ros2_ws/ros2/install/r2_decision_ros2/lib/r2_decision_ros2/mission_state_node" to ""
[1.182s] -- Installing: /home/yf/ros2_ws/ros2/install/r2_decision_ros2/lib/r2_decision_ros2/safety_guard_node
[1.182s] -- Set runtime path of "/home/yf/ros2_ws/ros2/install/r2_decision_ros2/lib/r2_decision_ros2/safety_guard_node" to ""
[1.182s] -- Up-to-date: /home/yf/ros2_ws/ros2/install/r2_decision_ros2/share/r2_decision_ros2/launch
[1.182s] -- Installing: /home/yf/ros2_ws/ros2/install/r2_decision_ros2/share/r2_decision_ros2/launch/r2_real_hardware.launch.py
[1.183s] -- Installing: /home/yf/ros2_ws/ros2/install/r2_decision_ros2/share/r2_decision_ros2/launch/r2_bringup.launch.py
[1.183s] -- Installing: /home/yf/ros2_ws/ros2/install/r2_decision_ros2/share/r2_decision_ros2/launch/r2_test_path_planning.launch.py
[1.183s] -- Installing: /home/yf/ros2_ws/ros2/install/r2_decision_ros2/share/r2_decision_ros2/launch/r2_return_mf.launch.py
[1.183s] -- Installing: /home/yf/ros2_ws/ros2/install/r2_decision_ros2/share/r2_decision_ros2/launch/r2_cold_start.launch.py
[1.183s] -- Installing: /home/yf/ros2_ws/ros2/install/r2_decision_ros2/share/r2_decision_ros2/launch/r2_return_mc.launch.py
[1.183s] -- Up-to-date: /home/yf/ros2_ws/ros2/install/r2_decision_ros2/share/r2_decision_ros2/config
[1.183s] -- Up-to-date: /home/yf/ros2_ws/ros2/install/r2_decision_ros2/share/r2_decision_ros2/config/params.yaml
[1.183s] -- Up-to-date: /home/yf/ros2_ws/ros2/install/r2_decision_ros2/share/ament_index/resource_index/package_run_dependencies/r2_decision_ros2
[1.183s] -- Installing: /home/yf/ros2_ws/ros2/install/r2_decision_ros2/share/ament_index/resource_index/parent_prefix_path/r2_decision_ros2
[1.183s] -- Up-to-date: /home/yf/ros2_ws/ros2/install/r2_decision_ros2/share/r2_decision_ros2/environment/ament_prefix_path.sh
[1.184s] -- Installing: /home/yf/ros2_ws/ros2/install/r2_decision_ros2/share/r2_decision_ros2/environment/ament_prefix_path.dsv
[1.184s] -- Up-to-date: /home/yf/ros2_ws/ros2/install/r2_decision_ros2/share/r2_decision_ros2/environment/path.sh
[1.184s] -- Installing: /home/yf/ros2_ws/ros2/install/r2_decision_ros2/share/r2_decision_ros2/environment/path.dsv
[1.184s] -- Up-to-date: /home/yf/ros2_ws/ros2/install/r2_decision_ros2/share/r2_decision_ros2/local_setup.bash
[1.184s] -- Up-to-date: /home/yf/ros2_ws/ros2/install/r2_decision_ros2/share/r2_decision_ros2/local_setup.sh
[1.184s] -- Up-to-date: /home/yf/ros2_ws/ros2/install/r2_decision_ros2/share/r2_decision_ros2/local_setup.zsh
[1.184s] -- Installing: /home/yf/ros2_ws/ros2/install/r2_decision_ros2/share/r2_decision_ros2/local_setup.dsv
[1.184s] -- Installing: /home/yf/ros2_ws/ros2/install/r2_decision_ros2/share/r2_decision_ros2/package.dsv
[1.184s] -- Up-to-date: /home/yf/ros2_ws/ros2/install/r2_decision_ros2/share/ament_index/resource_index/packages/r2_decision_ros2
[1.184s] -- Up-to-date: /home/yf/ros2_ws/ros2/install/r2_decision_ros2/share/r2_decision_ros2/cmake/r2_decision_ros2Config.cmake
[1.184s] -- Up-to-date: /home/yf/ros2_ws/ros2/install/r2_decision_ros2/share/r2_decision_ros2/cmake/r2_decision_ros2Config-version.cmake
[1.184s] -- Up-to-date: /home/yf/ros2_ws/ros2/install/r2_decision_ros2/share/r2_decision_ros2/package.xml
[1.185s] Invoked command in '/home/yf/ros2_ws/ros2/build/r2_decision_ros2' returned '0': CMAKE_PREFIX_PATH=/opt/ros/humble /usr/bin/cmake --install /home/yf/ros2_ws/ros2/build/r2_decision_ros2
