[0.013s] Invoking command in '/home/yf/ros2_ws/ros2/build/r2_decision_ros2': CMAKE_PREFIX_PATH=/opt/ros/humble /usr/bin/cmake --build /home/yf/ros2_ws/ros2/build/r2_decision_ros2 -- -j22 -l22
[0.035s] -- Found ament_cmake: 1.3.12 (/opt/ros/humble/share/ament_cmake/cmake)
[0.105s] -- Found rclcpp: 16.0.15 (/opt/ros/humble/share/rclcpp/cmake)
[0.120s] -- Found rosidl_generator_c: 3.1.7 (/opt/ros/humble/share/rosidl_generator_c/cmake)
[0.121s] -- Found rosidl_adapter: 3.1.7 (/opt/ros/humble/share/rosidl_adapter/cmake)
[0.124s] -- Found rosidl_generator_cpp: 3.1.7 (/opt/ros/humble/share/rosidl_generator_cpp/cmake)
[0.129s] -- Using all available rosidl_typesupport_c: rosidl_typesupport_fastrtps_c;rosidl_typesupport_introspection_c
[0.135s] -- Using all available rosidl_typesupport_cpp: rosidl_typesupport_fastrtps_cpp;rosidl_typesupport_introspection_cpp
[0.151s] -- Found rmw_implementation_cmake: 6.1.2 (/opt/ros/humble/share/rmw_implementation_cmake/cmake)
[0.152s] -- Found rmw_fastrtps_cpp: 6.2.9 (/opt/ros/humble/share/rmw_fastrtps_cpp/cmake)
[0.212s] -- Using RMW implementation 'rmw_fastrtps_cpp' as default
[0.273s] -- Configuring done
[0.281s] -- Generating done
[0.285s] -- Build files have been written to: /home/yf/ros2_ws/ros2/build/r2_decision_ros2
[0.310s] [35m[1mConsolidate compiler generated dependencies of target r2_decision_core_ros2[0m
[0.320s] [ 45%] Built target r2_decision_core_ros2
[0.329s] [35m[1mConsolidate compiler generated dependencies of target launch_manager_node[0m
[0.329s] [35m[1mConsolidate compiler generated dependencies of target mission_state_node[0m
[0.329s] [35m[1mConsolidate compiler generated dependencies of target safety_guard_node[0m
[0.340s] [ 63%] Built target launch_manager_node
[0.342s] [ 81%] Built target mission_state_node
[0.342s] [100%] Built target safety_guard_node
[0.350s] Invoked command in '/home/yf/ros2_ws/ros2/build/r2_decision_ros2' returned '0': CMAKE_PREFIX_PATH=/opt/ros/humble /usr/bin/cmake --build /home/yf/ros2_ws/ros2/build/r2_decision_ros2 -- -j22 -l22
[0.355s] Invoking command in '/home/yf/ros2_ws/ros2/build/r2_decision_ros2': CMAKE_PREFIX_PATH=/opt/ros/humble /usr/bin/cmake --install /home/yf/ros2_ws/ros2/build/r2_decision_ros2
[0.361s] -- Install configuration: ""
[0.361s] -- Up-to-date: /home/yf/ros2_ws/ros2/install/r2_decision_ros2/lib/r2_decision_ros2/launch_manager_node
[0.361s] -- Up-to-date: /home/yf/ros2_ws/ros2/install/r2_decision_ros2/lib/r2_decision_ros2/mission_state_node
[0.361s] -- Up-to-date: /home/yf/ros2_ws/ros2/install/r2_decision_ros2/lib/r2_decision_ros2/safety_guard_node
[0.361s] -- Up-to-date: /home/yf/ros2_ws/ros2/install/r2_decision_ros2/share/r2_decision_ros2/launch
[0.361s] -- Installing: /home/yf/ros2_ws/ros2/install/r2_decision_ros2/share/r2_decision_ros2/launch/r2_real_hardware.launch.py
[0.362s] -- Installing: /home/yf/ros2_ws/ros2/install/r2_decision_ros2/share/r2_decision_ros2/launch/r2_bringup.launch.py
[0.362s] -- Up-to-date: /home/yf/ros2_ws/ros2/install/r2_decision_ros2/share/r2_decision_ros2/launch/r2_test_path_planning.launch.py
[0.362s] -- Installing: /home/yf/ros2_ws/ros2/install/r2_decision_ros2/share/r2_decision_ros2/launch/r2_return_mf.launch.py
[0.362s] -- Installing: /home/yf/ros2_ws/ros2/install/r2_decision_ros2/share/r2_decision_ros2/launch/r2_cold_start.launch.py
[0.362s] -- Installing: /home/yf/ros2_ws/ros2/install/r2_decision_ros2/share/r2_decision_ros2/launch/r2_return_mc.launch.py
[0.362s] -- Up-to-date: /home/yf/ros2_ws/ros2/install/r2_decision_ros2/share/r2_decision_ros2/config
[0.362s] -- Up-to-date: /home/yf/ros2_ws/ros2/install/r2_decision_ros2/share/r2_decision_ros2/config/params.yaml
[0.362s] -- Up-to-date: /home/yf/ros2_ws/ros2/install/r2_decision_ros2/share/ament_index/resource_index/package_run_dependencies/r2_decision_ros2
[0.362s] -- Up-to-date: /home/yf/ros2_ws/ros2/install/r2_decision_ros2/share/ament_index/resource_index/parent_prefix_path/r2_decision_ros2
[0.362s] -- Up-to-date: /home/yf/ros2_ws/ros2/install/r2_decision_ros2/share/r2_decision_ros2/environment/ament_prefix_path.sh
[0.362s] -- Installing: /home/yf/ros2_ws/ros2/install/r2_decision_ros2/share/r2_decision_ros2/environment/ament_prefix_path.dsv
[0.363s] -- Up-to-date: /home/yf/ros2_ws/ros2/install/r2_decision_ros2/share/r2_decision_ros2/environment/path.sh
[0.363s] -- Installing: /home/yf/ros2_ws/ros2/install/r2_decision_ros2/share/r2_decision_ros2/environment/path.dsv
[0.363s] -- Up-to-date: /home/yf/ros2_ws/ros2/install/r2_decision_ros2/share/r2_decision_ros2/local_setup.bash
[0.363s] -- Up-to-date: /home/yf/ros2_ws/ros2/install/r2_decision_ros2/share/r2_decision_ros2/local_setup.sh
[0.363s] -- Up-to-date: /home/yf/ros2_ws/ros2/install/r2_decision_ros2/share/r2_decision_ros2/local_setup.zsh
[0.363s] -- Installing: /home/yf/ros2_ws/ros2/install/r2_decision_ros2/share/r2_decision_ros2/local_setup.dsv
[0.363s] -- Installing: /home/yf/ros2_ws/ros2/install/r2_decision_ros2/share/r2_decision_ros2/package.dsv
[0.363s] -- Up-to-date: /home/yf/ros2_ws/ros2/install/r2_decision_ros2/share/ament_index/resource_index/packages/r2_decision_ros2
[0.363s] -- Up-to-date: /home/yf/ros2_ws/ros2/install/r2_decision_ros2/share/r2_decision_ros2/cmake/r2_decision_ros2Config.cmake
[0.363s] -- Up-to-date: /home/yf/ros2_ws/ros2/install/r2_decision_ros2/share/r2_decision_ros2/cmake/r2_decision_ros2Config-version.cmake
[0.363s] -- Up-to-date: /home/yf/ros2_ws/ros2/install/r2_decision_ros2/share/r2_decision_ros2/package.xml
[0.364s] Invoked command in '/home/yf/ros2_ws/ros2/build/r2_decision_ros2' returned '0': CMAKE_PREFIX_PATH=/opt/ros/humble /usr/bin/cmake --install /home/yf/ros2_ws/ros2/build/r2_decision_ros2
