[0.011s] Invoking command in '/home/yf/ros2_ws/ros2/build/r2_decision_ros2': CMAKE_PREFIX_PATH=${CMAKE_PREFIX_PATH}:/opt/ros/humble /usr/bin/cmake --build /home/yf/ros2_ws/ros2/build/r2_decision_ros2 -- -j22 -l22
[0.053s] [35m[1mConsolidate compiler generated dependencies of target r2_decision_core_ros2[0m
[0.064s] [ 45%] Built target r2_decision_core_ros2
[0.083s] [ 81%] Built target safety_guard_node
[0.083s] [ 81%] Built target mission_state_node
[0.084s] [100%] Built target launch_manager_node
[0.091s] Invoked command in '/home/yf/ros2_ws/ros2/build/r2_decision_ros2' returned '0': CMAKE_PREFIX_PATH=${CMAKE_PREFIX_PATH}:/opt/ros/humble /usr/bin/cmake --build /home/yf/ros2_ws/ros2/build/r2_decision_ros2 -- -j22 -l22
[0.099s] Invoking command in '/home/yf/ros2_ws/ros2/build/r2_decision_ros2': CMAKE_PREFIX_PATH=${CMAKE_PREFIX_PATH}:/opt/ros/humble /usr/bin/cmake --install /home/yf/ros2_ws/ros2/build/r2_decision_ros2
[0.104s] -- Install configuration: ""
[0.104s] -- Up-to-date: /home/yf/ros2_ws/ros2/install/r2_decision_ros2/lib/r2_decision_ros2/launch_manager_node
[0.104s] -- Up-to-date: /home/yf/ros2_ws/ros2/install/r2_decision_ros2/lib/r2_decision_ros2/mission_state_node
[0.104s] -- Up-to-date: /home/yf/ros2_ws/ros2/install/r2_decision_ros2/lib/r2_decision_ros2/safety_guard_node
[0.105s] -- Up-to-date: /home/yf/ros2_ws/ros2/install/r2_decision_ros2/share/r2_decision_ros2/launch
[0.105s] -- Installing: /home/yf/ros2_ws/ros2/install/r2_decision_ros2/share/r2_decision_ros2/launch/r2_real_hardware.launch.py
[0.105s] -- Installing: /home/yf/ros2_ws/ros2/install/r2_decision_ros2/share/r2_decision_ros2/launch/r2_bringup.launch.py
[0.105s] -- Up-to-date: /home/yf/ros2_ws/ros2/install/r2_decision_ros2/share/r2_decision_ros2/launch/r2_test_path_planning.launch.py
[0.105s] -- Installing: /home/yf/ros2_ws/ros2/install/r2_decision_ros2/share/r2_decision_ros2/launch/r2_return_mf.launch.py
[0.105s] -- Installing: /home/yf/ros2_ws/ros2/install/r2_decision_ros2/share/r2_decision_ros2/launch/r2_cold_start.launch.py
[0.105s] -- Installing: /home/yf/ros2_ws/ros2/install/r2_decision_ros2/share/r2_decision_ros2/launch/r2_return_mc.launch.py
[0.105s] -- Up-to-date: /home/yf/ros2_ws/ros2/install/r2_decision_ros2/share/r2_decision_ros2/config
[0.105s] -- Up-to-date: /home/yf/ros2_ws/ros2/install/r2_decision_ros2/share/r2_decision_ros2/config/params.yaml
[0.105s] -- Up-to-date: /home/yf/ros2_ws/ros2/install/r2_decision_ros2/share/ament_index/resource_index/package_run_dependencies/r2_decision_ros2
[0.105s] -- Up-to-date: /home/yf/ros2_ws/ros2/install/r2_decision_ros2/share/ament_index/resource_index/parent_prefix_path/r2_decision_ros2
[0.105s] -- Up-to-date: /home/yf/ros2_ws/ros2/install/r2_decision_ros2/share/r2_decision_ros2/environment/ament_prefix_path.sh
[0.105s] -- Up-to-date: /home/yf/ros2_ws/ros2/install/r2_decision_ros2/share/r2_decision_ros2/environment/ament_prefix_path.dsv
[0.105s] -- Up-to-date: /home/yf/ros2_ws/ros2/install/r2_decision_ros2/share/r2_decision_ros2/environment/path.sh
[0.106s] -- Up-to-date: /home/yf/ros2_ws/ros2/install/r2_decision_ros2/share/r2_decision_ros2/environment/path.dsv
[0.106s] -- Up-to-date: /home/yf/ros2_ws/ros2/install/r2_decision_ros2/share/r2_decision_ros2/local_setup.bash
[0.106s] -- Up-to-date: /home/yf/ros2_ws/ros2/install/r2_decision_ros2/share/r2_decision_ros2/local_setup.sh
[0.106s] -- Up-to-date: /home/yf/ros2_ws/ros2/install/r2_decision_ros2/share/r2_decision_ros2/local_setup.zsh
[0.106s] -- Up-to-date: /home/yf/ros2_ws/ros2/install/r2_decision_ros2/share/r2_decision_ros2/local_setup.dsv
[0.106s] -- Up-to-date: /home/yf/ros2_ws/ros2/install/r2_decision_ros2/share/r2_decision_ros2/package.dsv
[0.106s] -- Up-to-date: /home/yf/ros2_ws/ros2/install/r2_decision_ros2/share/ament_index/resource_index/packages/r2_decision_ros2
[0.106s] -- Up-to-date: /home/yf/ros2_ws/ros2/install/r2_decision_ros2/share/r2_decision_ros2/cmake/r2_decision_ros2Config.cmake
[0.106s] -- Up-to-date: /home/yf/ros2_ws/ros2/install/r2_decision_ros2/share/r2_decision_ros2/cmake/r2_decision_ros2Config-version.cmake
[0.106s] -- Up-to-date: /home/yf/ros2_ws/ros2/install/r2_decision_ros2/share/r2_decision_ros2/package.xml
[0.107s] Invoked command in '/home/yf/ros2_ws/ros2/build/r2_decision_ros2' returned '0': CMAKE_PREFIX_PATH=${CMAKE_PREFIX_PATH}:/opt/ros/humble /usr/bin/cmake --install /home/yf/ros2_ws/ros2/build/r2_decision_ros2
