[0.050s] DEBUG:colcon:Command line arguments: ['/usr/bin/colcon', 'build']
[0.050s] DEBUG:colcon:Parsed command line arguments: Namespace(log_base=None, log_level=None, verb_name='build', build_base='build', install_base='install', merge_install=False, symlink_install=False, test_result_base=None, continue_on_error=False, executor='parallel', parallel_workers=22, event_handlers=None, ignore_user_meta=False, metas=['./colcon.meta'], base_paths=['.'], packages_ignore=None, packages_ignore_regex=None, paths=None, packages_up_to=None, packages_up_to_regex=None, packages_above=None, packages_above_and_dependencies=None, packages_above_depth=None, packages_select_by_dep=None, packages_skip_by_dep=None, packages_skip_up_to=None, packages_select_build_failed=False, packages_skip_build_finished=False, packages_select_test_failures=False, packages_skip_test_passed=False, packages_select=None, packages_skip=None, packages_select_regex=None, packages_skip_regex=None, packages_start=None, packages_end=None, allow_overriding=[], cmake_args=None, cmake_target=None, cmake_target_skip_unavailable=False, cmake_clean_cache=False, cmake_clean_first=False, cmake_force_configure=False, ament_cmake_args=None, catkin_cmake_args=None, catkin_skip_building_tests=False, verb_parser=<colcon_defaults.argument_parser.defaults.DefaultArgumentsDecorator object at 0x714d8f93b490>, verb_extension=<colcon_core.verb.build.BuildVerb object at 0x714d8f93af80>, main=<bound method BuildVerb.main of <colcon_core.verb.build.BuildVerb object at 0x714d8f93af80>>)
[0.126s] Level 1:colcon.colcon_core.package_discovery:discover_packages(colcon_meta) check parameters
[0.126s] Level 1:colcon.colcon_core.package_discovery:discover_packages(recursive) check parameters
[0.126s] Level 1:colcon.colcon_core.package_discovery:discover_packages(ignore) check parameters
[0.126s] Level 1:colcon.colcon_core.package_discovery:discover_packages(path) check parameters
[0.126s] Level 1:colcon.colcon_core.package_discovery:discover_packages(colcon_meta) discover
[0.126s] Level 1:colcon.colcon_core.package_discovery:discover_packages(recursive) discover
[0.126s] INFO:colcon.colcon_core.package_discovery:Crawling recursively for packages in '/home/yf/ros2_ws'
[0.126s] Level 1:colcon.colcon_core.package_identification:_identify(.) by extensions ['ignore', 'ignore_ament_install']
[0.126s] Level 1:colcon.colcon_core.package_identification:_identify(.) by extension 'ignore'
[0.126s] Level 1:colcon.colcon_core.package_identification:_identify(.) by extension 'ignore_ament_install'
[0.126s] Level 1:colcon.colcon_core.package_identification:_identify(.) by extensions ['colcon_pkg']
[0.126s] Level 1:colcon.colcon_core.package_identification:_identify(.) by extension 'colcon_pkg'
[0.126s] Level 1:colcon.colcon_core.package_identification:_identify(.) by extensions ['colcon_meta']
[0.126s] Level 1:colcon.colcon_core.package_identification:_identify(.) by extension 'colcon_meta'
[0.126s] Level 1:colcon.colcon_core.package_identification:_identify(.) by extensions ['ros']
[0.126s] Level 1:colcon.colcon_core.package_identification:_identify(.) by extension 'ros'
[0.132s] Level 1:colcon.colcon_core.package_identification:_identify(.) by extensions ['cmake', 'python']
[0.132s] Level 1:colcon.colcon_core.package_identification:_identify(.) by extension 'cmake'
[0.138s] Level 1:colcon.colcon_core.package_identification:_identify(.) by extension 'python'
[0.138s] DEBUG:colcon.colcon_core.package_identification:Package '.' with type 'cmake' and name 'r2_decision_cpp'
[0.138s] Level 1:colcon.colcon_core.package_discovery:discover_packages(recursive) using defaults
[0.138s] Level 1:colcon.colcon_core.package_discovery:discover_packages(ignore) discover
[0.138s] Level 1:colcon.colcon_core.package_discovery:discover_packages(ignore) using defaults
[0.138s] Level 1:colcon.colcon_core.package_discovery:discover_packages(path) discover
[0.138s] Level 1:colcon.colcon_core.package_discovery:discover_packages(path) using defaults
[0.148s] Level 1:colcon.colcon_core.package_discovery:discover_packages(prefix_path) check parameters
[0.148s] Level 1:colcon.colcon_core.package_discovery:discover_packages(prefix_path) discover
[0.149s] DEBUG:colcon.colcon_installed_package_information.package_discovery:Found 1 installed packages in /home/yf/ros2_ws/ros2/install
[0.150s] DEBUG:colcon.colcon_installed_package_information.package_discovery:Found 271 installed packages in /opt/ros/humble
[0.151s] Level 1:colcon.colcon_core.package_discovery:discover_packages(prefix_path) using defaults
[0.174s] Level 5:colcon.colcon_core.verb:set package 'r2_decision_cpp' build argument 'cmake_args' from command line to 'None'
[0.174s] Level 5:colcon.colcon_core.verb:set package 'r2_decision_cpp' build argument 'cmake_target' from command line to 'None'
[0.174s] Level 5:colcon.colcon_core.verb:set package 'r2_decision_cpp' build argument 'cmake_target_skip_unavailable' from command line to 'False'
[0.174s] Level 5:colcon.colcon_core.verb:set package 'r2_decision_cpp' build argument 'cmake_clean_cache' from command line to 'False'
[0.174s] Level 5:colcon.colcon_core.verb:set package 'r2_decision_cpp' build argument 'cmake_clean_first' from command line to 'False'
[0.174s] Level 5:colcon.colcon_core.verb:set package 'r2_decision_cpp' build argument 'cmake_force_configure' from command line to 'False'
[0.174s] Level 5:colcon.colcon_core.verb:set package 'r2_decision_cpp' build argument 'ament_cmake_args' from command line to 'None'
[0.174s] Level 5:colcon.colcon_core.verb:set package 'r2_decision_cpp' build argument 'catkin_cmake_args' from command line to 'None'
[0.175s] Level 5:colcon.colcon_core.verb:set package 'r2_decision_cpp' build argument 'catkin_skip_building_tests' from command line to 'False'
[0.175s] DEBUG:colcon.colcon_core.verb:Building package 'r2_decision_cpp' with the following arguments: {'ament_cmake_args': None, 'build_base': '/home/yf/ros2_ws/build/r2_decision_cpp', 'catkin_cmake_args': None, 'catkin_skip_building_tests': False, 'cmake_args': None, 'cmake_clean_cache': False, 'cmake_clean_first': False, 'cmake_force_configure': False, 'cmake_target': None, 'cmake_target_skip_unavailable': False, 'install_base': '/home/yf/ros2_ws/install/r2_decision_cpp', 'merge_install': False, 'path': '/home/yf/ros2_ws', 'symlink_install': False, 'test_result_base': None}
[0.175s] INFO:colcon.colcon_core.executor:Executing jobs using 'parallel' executor
[0.175s] DEBUG:colcon.colcon_parallel_executor.executor.parallel:run_until_complete
[0.176s] INFO:colcon.colcon_cmake.task.cmake.build:Building CMake package in '/home/yf/ros2_ws'
[0.177s] INFO:colcon.colcon_core.plugin_system:Skipping extension 'colcon_core.shell.bat': Not used on non-Windows systems
[0.177s] INFO:colcon.colcon_core.shell:Skip shell extension 'powershell' for command environment: Not usable outside of PowerShell
[0.177s] DEBUG:colcon.colcon_core.shell:Skip shell extension 'dsv' for command environment
[0.186s] DEBUG:colcon.colcon_core.event_handler.log_command:Invoking command in '/home/yf/ros2_ws/build/r2_decision_cpp': /usr/bin/cmake /home/yf/ros2_ws -DCMAKE_INSTALL_PREFIX=/home/yf/ros2_ws/install/r2_decision_cpp
[0.308s] DEBUG:colcon.colcon_core.event_handler.log_command:Invoked command in '/home/yf/ros2_ws/build/r2_decision_cpp' returned '0': /usr/bin/cmake /home/yf/ros2_ws -DCMAKE_INSTALL_PREFIX=/home/yf/ros2_ws/install/r2_decision_cpp
[0.308s] DEBUG:colcon.colcon_core.event_handler.log_command:Invoking command in '/home/yf/ros2_ws/build/r2_decision_cpp': /usr/bin/cmake --build /home/yf/ros2_ws/build/r2_decision_cpp -- -j22 -l22
[1.725s] DEBUG:colcon.colcon_core.event_handler.log_command:Invoked command in '/home/yf/ros2_ws/build/r2_decision_cpp' returned '0': /usr/bin/cmake --build /home/yf/ros2_ws/build/r2_decision_cpp -- -j22 -l22
[1.726s] WARNING:colcon.colcon_cmake.task.cmake.build:Could not run installation step for package 'r2_decision_cpp' because it has no 'install' target
[1.726s] Level 1:colcon.colcon_core.environment:create_environment_scripts_only(r2_decision_cpp)
[1.727s] Level 1:colcon.colcon_core.environment:checking '/home/yf/ros2_ws/install/r2_decision_cpp' for CMake module files
[1.727s] Level 1:colcon.colcon_core.environment:checking '/home/yf/ros2_ws/install/r2_decision_cpp' for CMake config files
[1.727s] Level 1:colcon.colcon_core.environment:checking '/home/yf/ros2_ws/install/r2_decision_cpp/bin'
[1.727s] Level 1:colcon.colcon_core.environment:checking '/home/yf/ros2_ws/install/r2_decision_cpp/lib/pkgconfig/r2_decision_cpp.pc'
[1.727s] Level 1:colcon.colcon_core.environment:checking '/home/yf/ros2_ws/install/r2_decision_cpp/lib/python3.10/site-packages'
[1.728s] Level 1:colcon.colcon_core.environment:checking '/home/yf/ros2_ws/install/r2_decision_cpp/bin'
[1.728s] INFO:colcon.colcon_core.shell:Creating package script '/home/yf/ros2_ws/install/r2_decision_cpp/share/r2_decision_cpp/package.ps1'
[1.728s] INFO:colcon.colcon_core.shell:Creating package descriptor '/home/yf/ros2_ws/install/r2_decision_cpp/share/r2_decision_cpp/package.dsv'
[1.728s] INFO:colcon.colcon_core.shell:Creating package script '/home/yf/ros2_ws/install/r2_decision_cpp/share/r2_decision_cpp/package.sh'
[1.729s] INFO:colcon.colcon_core.shell:Creating package script '/home/yf/ros2_ws/install/r2_decision_cpp/share/r2_decision_cpp/package.bash'
[1.729s] INFO:colcon.colcon_core.shell:Creating package script '/home/yf/ros2_ws/install/r2_decision_cpp/share/r2_decision_cpp/package.zsh'
[1.730s] Level 1:colcon.colcon_core.environment:create_file_with_runtime_dependencies(/home/yf/ros2_ws/install/r2_decision_cpp/share/colcon-core/packages/r2_decision_cpp)
[1.730s] DEBUG:colcon.colcon_parallel_executor.executor.parallel:closing loop
[1.730s] DEBUG:colcon.colcon_parallel_executor.executor.parallel:loop closed
[1.730s] DEBUG:colcon.colcon_parallel_executor.executor.parallel:run_until_complete finished with '0'
[1.730s] DEBUG:colcon.colcon_core.event_reactor:joining thread
[1.733s] INFO:colcon.colcon_core.plugin_system:Skipping extension 'colcon_notification.desktop_notification.terminal_notifier': Not used on non-Darwin systems
[1.733s] INFO:colcon.colcon_core.plugin_system:Skipping extension 'colcon_notification.desktop_notification.win32': Not used on non-Windows systems
[1.733s] INFO:colcon.colcon_notification.desktop_notification:Sending desktop notification using 'notify2'
[1.741s] DEBUG:colcon.colcon_core.event_reactor:joined thread
[1.741s] INFO:colcon.colcon_core.shell:Creating prefix script '/home/yf/ros2_ws/install/local_setup.ps1'
[1.742s] INFO:colcon.colcon_core.shell:Creating prefix util module '/home/yf/ros2_ws/install/_local_setup_util_ps1.py'
[1.743s] INFO:colcon.colcon_core.shell:Creating prefix chain script '/home/yf/ros2_ws/install/setup.ps1'
[1.743s] INFO:colcon.colcon_core.shell:Creating prefix script '/home/yf/ros2_ws/install/local_setup.sh'
[1.744s] INFO:colcon.colcon_core.shell:Creating prefix util module '/home/yf/ros2_ws/install/_local_setup_util_sh.py'
[1.744s] INFO:colcon.colcon_core.shell:Creating prefix chain script '/home/yf/ros2_ws/install/setup.sh'
[1.745s] INFO:colcon.colcon_core.shell:Creating prefix script '/home/yf/ros2_ws/install/local_setup.bash'
[1.745s] INFO:colcon.colcon_core.shell:Creating prefix chain script '/home/yf/ros2_ws/install/setup.bash'
[1.746s] INFO:colcon.colcon_core.shell:Creating prefix script '/home/yf/ros2_ws/install/local_setup.zsh'
[1.746s] INFO:colcon.colcon_core.shell:Creating prefix chain script '/home/yf/ros2_ws/install/setup.zsh'
